// Jest Snapshot v1, https://goo.gl/fbAQLP

exports[`App matched a snapshot 1`] = `
Array [
  <h1>
    React Retake Quiz
  </h1>,
  <form>
    <input
      name="title"
      onChange={[Function]}
      text=""
    />
    <input
      name="subtitle"
      onChange={[Function]}
      text=""
    />
  </form>,
  <h1>
    
  </h1>,
  <h2>
    
  </h2>,
]
`;
